<UserControl x:Class="App1.MyUserControl1"
             xmlns="http://schemas.microsoft.com/winfx/2006/xaml/presentation"
             xmlns:x="http://schemas.microsoft.com/winfx/2006/xaml"
             xmlns:local="using:App1">

  <Grid Background="{ThemeResource ApplicationPageBackgroundThemeBrush}" />
</UserControl>