<Root>

  <!--  START: Test for TEXT-ONLY-CONTENT ELEMENT handling  -->
  <EmptyNode />
  <SingleSpace />
  <SingleTab />
  <SingleAmp>&amp;</SingleAmp>
  <SingleLine>test here</SingleLine>
  <SingleLine a="a" b="b">test here</SingleLine>
  <SingleLineWithLinefeed a="a"
                          b="b"
                          c="c">
    line
  </SingleLineWithLinefeed>
  <MultipleSpaces />
  <MultipleTabs />
  <MultiLine>
    first line
    second line
  </MultiLine>
  <MultiLineMixed>
    first line
    second line
    <Child />
    third line
  </MultiLineMixed>
  <!--  END: Test for TEXT-ONLY-CONTENT ELEMENT handling  -->

</Root>