<ResourceDictionary xmlns="http://schemas.microsoft.com/winfx/2006/xaml/presentation"
                    xmlns:x="http://schemas.microsoft.com/winfx/2006/xaml"
                    xmlns:system="clr-namespace:System;assembly=mscorlib">
  <system:String x:Key="Greeting1">
    Hello
    World
  </system:String>
  <system:String x:Key="Greeting2" xml:space="preserve">Hello
World</system:String>
  <system:String x:Key="Greeting3" xml:space="preserve"> Hello World </system:String>
  <system:String x:Key="Greeting4" xml:space="preserve"> Hello 
 World </system:String>
  <system:String x:Key="Greeting5" xml:space="preserve">Hello World</system:String>
  <system:String x:Key="Greeting6" xml:space="default">
    Hello
    World
  </system:String>
  <system:String x:Key="Lyric1" xml:space="preserve"> Mary had a little lamb, Its fleece was <strong>white</strong> as snow </system:String>
  <system:String x:Key="Lyric2" xml:space="preserve">
  Mary had a little lamb, Its fleece was <strong>white</strong> as snow 
</system:String>
</ResourceDictionary>
