<Root>

  <!--END: Test for TEXT-ONLY-CONTENT ELEMENT handling-->

  <!--START: Test for COMMENT handling-->

  <!--single line-->
  <!--
    first line
    
    second line
  -->
  <!--
    first line
    
    second line
  -->

  <!--Do not reformat commented xml tags-->
  <!--<DataPager PageSource="{Binding .}" PageIndex="3" />

        <Button Margin="0,0,0,10"
                Content="&#xE112;"
                FontFamily="Segoe UI Symbol"
                FontSize="18.667"
                Padding="8,8,0,0" />-->
  <!--
        <DataPager PageSource="{Binding .}" PageIndex="3" />

        <Button Margin="0,0,0,10"
                Content="&#xE112;"
                FontFamily="Segoe UI Symbol"
                FontSize="18.667"
                Padding="8,8,0,0" />
  -->

  <!--END: Test for COMMENT handling-->

</Root>