<Window x:Class="Test.MainWindow"
        xmlns="http://schemas.microsoft.com/winfx/2006/xaml/presentation"
        xmlns:x="http://schemas.microsoft.com/winfx/2006/xaml"
        xmlns:system="clr-namespace:System;assembly=mscorlib"
        xmlns:xctk="http://schemas.xceed.com/wpf/xaml/toolkit"
        Title="{Binding Title}"
        Width="525"
        Height="350"
        Padding="3 2">
  <Window.Resources>
    <Style TargetType="TextBox">
      <Setter Property="Text" Value="Default Text &amp;&lt;" />
      <Style.Triggers>
        <Trigger Property="IsEnabled" Value="false">
          <Setter Property="Margin" Value="2" />
          <Setter Property="Padding" Value="2 4" />
        </Trigger>
      </Style.Triggers>
    </Style>
  </Window.Resources>
  <DockPanel Grid.Row="0"
             Grid.RowSpan="1"
             Grid.Column="0"
             Grid.ColumnSpan="1"
             Width="Auto"
             Height="Auto"
             Margin="0 0 0 0"
             HorizontalAlignment="Stretch"
             VerticalAlignment="Stretch">
    <StackPanel>
      <TextBox Margin="1 2 3 4" />
    </StackPanel>
  </DockPanel>
</Window>
