<Window
    x:Class="WpfTests.MainWindow"
    xmlns="http://schemas.microsoft.com/winfx/2006/xaml/presentation"
    xmlns:x="http://schemas.microsoft.com/winfx/2006/xaml"
    xmlns:local="clr-namespace:WpfTests"
    xmlns:mc="http://schemas.openxmlformats.org/markup-compatibility/2006"
    mc:Ignorable="d">
    <Grid>
        <TextBlock
            Background="Black"
            DataContext="{x:Null}"
            Foreground="Black"
            Text="Hello" />
    </Grid>
</Window>
