<Window x:Class="Test.MainWindow"
        xmlns="http://schemas.microsoft.com/winfx/2006/xaml/presentation" xmlns:x="http://schemas.microsoft.com/winfx/2006/xaml"
        xmlns:system="clr-namespace:System;assembly=mscorlib" xmlns:xctk="http://schemas.xceed.com/wpf/xaml/toolkit"
        Title="{Binding Title}"
        Width="525" Height="350">
  <DockPanel Grid.Row="0" Grid.RowSpan="1" Grid.Column="0" Grid.ColumnSpan="1"
             Width="Auto" Height="Auto" Margin="0,0,0,0"
             HorizontalAlignment="Stretch" VerticalAlignment="Stretch">
    <StackPanel />
  </DockPanel>
</Window>
